Archive member included to satisfy reference by file (symbol)

/usr/local/Cellar/avr-gcc/7.3.0/lib/avr-gcc/7/gcc/avr/7.3.0/avr25/libgcc.a(_mulhi3.o)
                              ./Buffalo.o (__mulhi3)
/usr/local/Cellar/avr-gcc/7.3.0/lib/avr-gcc/7/gcc/avr/7.3.0/avr25/libgcc.a(_exit.o)
                              /usr/local/Cellar/avr-gcc/7.3.0/lib/avr-gcc/7/gcc/avr/7.3.0/../../../../../../avr/lib/avr25/crtattiny85.o (exit)
/usr/local/Cellar/avr-gcc/7.3.0/lib/avr-gcc/7/gcc/avr/7.3.0/avr25/libgcc.a(_copy_data.o)
                              ./Buffalo.o (__do_copy_data)
/usr/local/Cellar/avr-gcc/7.3.0/lib/avr-gcc/7/gcc/avr/7.3.0/avr25/libgcc.a(_clear_bss.o)
                              ./Buffalo.o (__do_clear_bss)
/usr/local/Cellar/avr-gcc/7.3.0/lib/avr-gcc/7/gcc/avr/7.3.0/../../../../../../avr/lib/avr25/libc.a(sprintf.o)
                              ./Buffalo.o (sprintf)
/usr/local/Cellar/avr-gcc/7.3.0/lib/avr-gcc/7/gcc/avr/7.3.0/../../../../../../avr/lib/avr25/libc.a(vfprintf_std.o)
                              /usr/local/Cellar/avr-gcc/7.3.0/lib/avr-gcc/7/gcc/avr/7.3.0/../../../../../../avr/lib/avr25/libc.a(sprintf.o) (vfprintf)
/usr/local/Cellar/avr-gcc/7.3.0/lib/avr-gcc/7/gcc/avr/7.3.0/../../../../../../avr/lib/avr25/libc.a(strnlen_P.o)
                              /usr/local/Cellar/avr-gcc/7.3.0/lib/avr-gcc/7/gcc/avr/7.3.0/../../../../../../avr/lib/avr25/libc.a(vfprintf_std.o) (strnlen_P)
/usr/local/Cellar/avr-gcc/7.3.0/lib/avr-gcc/7/gcc/avr/7.3.0/../../../../../../avr/lib/avr25/libc.a(strnlen.o)
                              /usr/local/Cellar/avr-gcc/7.3.0/lib/avr-gcc/7/gcc/avr/7.3.0/../../../../../../avr/lib/avr25/libc.a(vfprintf_std.o) (strnlen)
/usr/local/Cellar/avr-gcc/7.3.0/lib/avr-gcc/7/gcc/avr/7.3.0/../../../../../../avr/lib/avr25/libc.a(fputc.o)
                              /usr/local/Cellar/avr-gcc/7.3.0/lib/avr-gcc/7/gcc/avr/7.3.0/../../../../../../avr/lib/avr25/libc.a(vfprintf_std.o) (fputc)
/usr/local/Cellar/avr-gcc/7.3.0/lib/avr-gcc/7/gcc/avr/7.3.0/../../../../../../avr/lib/avr25/libc.a(ultoa_invert.o)
                              /usr/local/Cellar/avr-gcc/7.3.0/lib/avr-gcc/7/gcc/avr/7.3.0/../../../../../../avr/lib/avr25/libc.a(vfprintf_std.o) (__ultoa_invert)
/usr/local/Cellar/avr-gcc/7.3.0/lib/avr-gcc/7/gcc/avr/7.3.0/avr25/libgcc.a(_mulqi3.o)
                              /usr/local/Cellar/avr-gcc/7.3.0/lib/avr-gcc/7/gcc/avr/7.3.0/../../../../../../avr/lib/avr25/libc.a(vfprintf_std.o) (__mulqi3)
/usr/local/Cellar/avr-gcc/7.3.0/lib/avr-gcc/7/gcc/avr/7.3.0/avr25/libgcc.a(_prologue.o)
                              /usr/local/Cellar/avr-gcc/7.3.0/lib/avr-gcc/7/gcc/avr/7.3.0/../../../../../../avr/lib/avr25/libc.a(sprintf.o) (__prologue_saves__)
/usr/local/Cellar/avr-gcc/7.3.0/lib/avr-gcc/7/gcc/avr/7.3.0/avr25/libgcc.a(_epilogue.o)
                              /usr/local/Cellar/avr-gcc/7.3.0/lib/avr-gcc/7/gcc/avr/7.3.0/../../../../../../avr/lib/avr25/libc.a(sprintf.o) (__epilogue_restores__)

Allocating common symbols
Common symbol       size              file

USI_I2C_state       0x1               ./USI_I2C_Master.o
sw1                 0x1               ./Buffalo.o
lastVol             0x1               ./Buffalo.o
sw2                 0x1               ./Buffalo.o

Memory Configuration

Name             Origin             Length             Attributes
text             0x0000000000000000 0x0000000000002000 xr
data             0x0000000000800060 0x000000000000ffa0 rw !x
eeprom           0x0000000000810000 0x0000000000010000 rw !x
fuse             0x0000000000820000 0x0000000000000400 rw !x
lock             0x0000000000830000 0x0000000000000400 rw !x
signature        0x0000000000840000 0x0000000000000400 rw !x
user_signatures  0x0000000000850000 0x0000000000000400 rw !x
*default*        0x0000000000000000 0xffffffffffffffff

Linker script and memory map

LOAD /usr/local/Cellar/avr-gcc/7.3.0/lib/avr-gcc/7/gcc/avr/7.3.0/../../../../../../avr/lib/avr25/crtattiny85.o
LOAD ./Buffalo.o
LOAD ./I2C_CharDisplay.o
LOAD ./USI_I2C_Master.o
START GROUP
LOAD /usr/local/Cellar/avr-gcc/7.3.0/lib/avr-gcc/7/gcc/avr/7.3.0/avr25/libgcc.a
LOAD /usr/local/Cellar/avr-gcc/7.3.0/lib/avr-gcc/7/gcc/avr/7.3.0/../../../../../../avr/lib/avr25/libm.a
LOAD /usr/local/Cellar/avr-gcc/7.3.0/lib/avr-gcc/7/gcc/avr/7.3.0/../../../../../../avr/lib/avr25/libc.a
LOAD /usr/local/Cellar/avr-gcc/7.3.0/lib/avr-gcc/7/gcc/avr/7.3.0/../../../../../../avr/lib/avr25/libattiny85.a
END GROUP
                0x0000000000002000                __TEXT_REGION_LENGTH__ = DEFINED (__TEXT_REGION_LENGTH__)?__TEXT_REGION_LENGTH__:0x2000
                0x000000000000ffa0                __DATA_REGION_LENGTH__ = DEFINED (__DATA_REGION_LENGTH__)?__DATA_REGION_LENGTH__:0xffa0
                0x0000000000010000                __EEPROM_REGION_LENGTH__ = DEFINED (__EEPROM_REGION_LENGTH__)?__EEPROM_REGION_LENGTH__:0x10000
                0x0000000000000400                __FUSE_REGION_LENGTH__ = DEFINED (__FUSE_REGION_LENGTH__)?__FUSE_REGION_LENGTH__:0x400
                0x0000000000000400                __LOCK_REGION_LENGTH__ = DEFINED (__LOCK_REGION_LENGTH__)?__LOCK_REGION_LENGTH__:0x400
                0x0000000000000400                __SIGNATURE_REGION_LENGTH__ = DEFINED (__SIGNATURE_REGION_LENGTH__)?__SIGNATURE_REGION_LENGTH__:0x400
                0x0000000000000400                __USER_SIGNATURE_REGION_LENGTH__ = DEFINED (__USER_SIGNATURE_REGION_LENGTH__)?__USER_SIGNATURE_REGION_LENGTH__:0x400

.hash
 *(.hash)

.dynsym
 *(.dynsym)

.dynstr
 *(.dynstr)

.gnu.version
 *(.gnu.version)

.gnu.version_d
 *(.gnu.version_d)

.gnu.version_r
 *(.gnu.version_r)

.rel.init
 *(.rel.init)

.rela.init
 *(.rela.init)

.rel.text
 *(.rel.text)
 *(.rel.text.*)
 *(.rel.gnu.linkonce.t*)

.rela.text
 *(.rela.text)
 *(.rela.text.*)
 *(.rela.gnu.linkonce.t*)

.rel.fini
 *(.rel.fini)

.rela.fini
 *(.rela.fini)

.rel.rodata
 *(.rel.rodata)
 *(.rel.rodata.*)
 *(.rel.gnu.linkonce.r*)

.rela.rodata
 *(.rela.rodata)
 *(.rela.rodata.*)
 *(.rela.gnu.linkonce.r*)

.rel.data
 *(.rel.data)
 *(.rel.data.*)
 *(.rel.gnu.linkonce.d*)

.rela.data
 *(.rela.data)
 *(.rela.data.*)
 *(.rela.gnu.linkonce.d*)

.rel.ctors
 *(.rel.ctors)

.rela.ctors
 *(.rela.ctors)

.rel.dtors
 *(.rel.dtors)

.rela.dtors
 *(.rela.dtors)

.rel.got
 *(.rel.got)

.rela.got
 *(.rela.got)

.rel.bss
 *(.rel.bss)

.rela.bss
 *(.rela.bss)

.rel.plt
 *(.rel.plt)

.rela.plt
 *(.rela.plt)

.text           0x0000000000000000      0xaf8
 *(.vectors)
 .vectors       0x0000000000000000       0x1e /usr/local/Cellar/avr-gcc/7.3.0/lib/avr-gcc/7/gcc/avr/7.3.0/../../../../../../avr/lib/avr25/crtattiny85.o
                0x0000000000000000                __vectors
                0x0000000000000000                __vector_default
 *(.vectors)
 *(.progmem.gcc*)
                0x000000000000001e                . = ALIGN (0x2)
                0x000000000000001e                __trampolines_start = .
 *(.trampolines)
 .trampolines   0x000000000000001e        0x0 linker stubs
 *(.trampolines*)
                0x000000000000001e                __trampolines_end = .
 *libprintf_flt.a:*(.progmem.data)
 *libc.a:*(.progmem.data)
 *(.progmem.*)
                0x000000000000001e                . = ALIGN (0x2)
 *(.lowtext)
 *(.lowtext*)
                0x000000000000001e                __ctors_start = .
 *(.ctors)
                0x000000000000001e                __ctors_end = .
                0x000000000000001e                __dtors_start = .
 *(.dtors)
                0x000000000000001e                __dtors_end = .
 SORT_BY_NAME(*)(.ctors)
 SORT_BY_NAME(*)(.dtors)
 *(.init0)
 .init0         0x000000000000001e        0x0 /usr/local/Cellar/avr-gcc/7.3.0/lib/avr-gcc/7/gcc/avr/7.3.0/../../../../../../avr/lib/avr25/crtattiny85.o
                0x000000000000001e                __init
 *(.init0)
 *(.init1)
 *(.init1)
 *(.init2)
 .init2         0x000000000000001e        0xc /usr/local/Cellar/avr-gcc/7.3.0/lib/avr-gcc/7/gcc/avr/7.3.0/../../../../../../avr/lib/avr25/crtattiny85.o
 *(.init2)
 *(.init3)
 *(.init3)
 *(.init4)
 .init4         0x000000000000002a       0x16 /usr/local/Cellar/avr-gcc/7.3.0/lib/avr-gcc/7/gcc/avr/7.3.0/avr25/libgcc.a(_copy_data.o)
                0x000000000000002a                __do_copy_data
 .init4         0x0000000000000040       0x10 /usr/local/Cellar/avr-gcc/7.3.0/lib/avr-gcc/7/gcc/avr/7.3.0/avr25/libgcc.a(_clear_bss.o)
                0x0000000000000040                __do_clear_bss
 *(.init4)
 *(.init5)
 *(.init5)
 *(.init6)
 *(.init6)
 *(.init7)
 *(.init7)
 *(.init8)
 *(.init8)
 *(.init9)
 .init9         0x0000000000000050        0x4 /usr/local/Cellar/avr-gcc/7.3.0/lib/avr-gcc/7/gcc/avr/7.3.0/../../../../../../avr/lib/avr25/crtattiny85.o
 *(.init9)
 *(.text)
 .text          0x0000000000000054        0x2 /usr/local/Cellar/avr-gcc/7.3.0/lib/avr-gcc/7/gcc/avr/7.3.0/../../../../../../avr/lib/avr25/crtattiny85.o
                0x0000000000000054                __vector_10
                0x0000000000000054                __vector_12
                0x0000000000000054                __bad_interrupt
                0x0000000000000054                __vector_6
                0x0000000000000054                __vector_3
                0x0000000000000054                __vector_11
                0x0000000000000054                __vector_13
                0x0000000000000054                __vector_7
                0x0000000000000054                __vector_5
                0x0000000000000054                __vector_4
                0x0000000000000054                __vector_9
                0x0000000000000054                __vector_2
                0x0000000000000054                __vector_8
                0x0000000000000054                __vector_14
                0x0000000000000054                __vector_1
 .text          0x0000000000000056        0x0 ./Buffalo.o
 .text          0x0000000000000056        0x0 ./I2C_CharDisplay.o
 .text          0x0000000000000056        0x0 ./USI_I2C_Master.o
 .text          0x0000000000000056        0x0 /usr/local/Cellar/avr-gcc/7.3.0/lib/avr-gcc/7/gcc/avr/7.3.0/avr25/libgcc.a(_mulhi3.o)
 .text          0x0000000000000056        0x0 /usr/local/Cellar/avr-gcc/7.3.0/lib/avr-gcc/7/gcc/avr/7.3.0/avr25/libgcc.a(_exit.o)
 .text          0x0000000000000056        0x0 /usr/local/Cellar/avr-gcc/7.3.0/lib/avr-gcc/7/gcc/avr/7.3.0/avr25/libgcc.a(_copy_data.o)
 .text          0x0000000000000056        0x0 /usr/local/Cellar/avr-gcc/7.3.0/lib/avr-gcc/7/gcc/avr/7.3.0/avr25/libgcc.a(_clear_bss.o)
 .text          0x0000000000000056        0x0 /usr/local/Cellar/avr-gcc/7.3.0/lib/avr-gcc/7/gcc/avr/7.3.0/../../../../../../avr/lib/avr25/libc.a(sprintf.o)
 .text          0x0000000000000056        0x0 /usr/local/Cellar/avr-gcc/7.3.0/lib/avr-gcc/7/gcc/avr/7.3.0/../../../../../../avr/lib/avr25/libc.a(vfprintf_std.o)
 .text          0x0000000000000056        0x0 /usr/local/Cellar/avr-gcc/7.3.0/lib/avr-gcc/7/gcc/avr/7.3.0/../../../../../../avr/lib/avr25/libc.a(strnlen_P.o)
 .text          0x0000000000000056        0x0 /usr/local/Cellar/avr-gcc/7.3.0/lib/avr-gcc/7/gcc/avr/7.3.0/../../../../../../avr/lib/avr25/libc.a(strnlen.o)
 .text          0x0000000000000056        0x0 /usr/local/Cellar/avr-gcc/7.3.0/lib/avr-gcc/7/gcc/avr/7.3.0/../../../../../../avr/lib/avr25/libc.a(fputc.o)
 .text          0x0000000000000056        0x0 /usr/local/Cellar/avr-gcc/7.3.0/lib/avr-gcc/7/gcc/avr/7.3.0/../../../../../../avr/lib/avr25/libc.a(ultoa_invert.o)
 .text          0x0000000000000056        0x0 /usr/local/Cellar/avr-gcc/7.3.0/lib/avr-gcc/7/gcc/avr/7.3.0/avr25/libgcc.a(_mulqi3.o)
 .text          0x0000000000000056        0x0 /usr/local/Cellar/avr-gcc/7.3.0/lib/avr-gcc/7/gcc/avr/7.3.0/avr25/libgcc.a(_prologue.o)
 .text          0x0000000000000056        0x0 /usr/local/Cellar/avr-gcc/7.3.0/lib/avr-gcc/7/gcc/avr/7.3.0/avr25/libgcc.a(_epilogue.o)
                0x0000000000000056                . = ALIGN (0x2)
 *(.text.*)
 .text.cmp_chars
                0x0000000000000056        0xe ./Buffalo.o
                0x0000000000000056                cmp_chars
 .text.i2cSendByte
                0x0000000000000064       0x24 ./Buffalo.o
                0x0000000000000064                i2cSendByte
 .text.i2cReceiveByte
                0x0000000000000088       0x3a ./Buffalo.o
                0x0000000000000088                i2cReceiveByte
 .text.setVolume
                0x00000000000000c2       0x90 ./Buffalo.o
                0x00000000000000c2                setVolume
 .text.getVolume
                0x0000000000000152        0xc ./Buffalo.o
                0x0000000000000152                getVolume
 .text.configureDAC
                0x000000000000015e       0xe6 ./Buffalo.o
                0x000000000000015e                configureDAC
 .text.readSwitchStates
                0x0000000000000244       0x30 ./Buffalo.o
                0x0000000000000244                readSwitchStates
 .text.initialize
                0x0000000000000274       0x60 ./Buffalo.o
                0x0000000000000274                initialize
 .text.startup.main
                0x00000000000002d4       0x44 ./Buffalo.o
                0x00000000000002d4                main
 .text.lcd_device_write
                0x0000000000000318       0x12 ./I2C_CharDisplay.o
                0x0000000000000318                lcd_device_write
 .text.lcd_strobe
                0x000000000000032a       0x2a ./I2C_CharDisplay.o
                0x000000000000032a                lcd_strobe
 .text.lcd_write_4_bits
                0x0000000000000354        0xc ./I2C_CharDisplay.o
                0x0000000000000354                lcd_write_4_bits
 .text.lcd_write
                0x0000000000000360       0x1c ./I2C_CharDisplay.o
                0x0000000000000360                lcd_write
 .text.lcd_write_command
                0x000000000000037c        0x4 ./I2C_CharDisplay.o
                0x000000000000037c                lcd_write_command
 .text.lcd_write_data
                0x0000000000000380        0x4 ./I2C_CharDisplay.o
                0x0000000000000380                lcd_write_data
 .text.lcd_print
                0x0000000000000384       0x44 ./I2C_CharDisplay.o
                0x0000000000000384                lcd_print
 .text.lcd_init
                0x00000000000003c8       0x40 ./I2C_CharDisplay.o
                0x00000000000003c8                lcd_init
 .text.i2c_init
                0x0000000000000408       0x16 ./USI_I2C_Master.o
                0x0000000000000408                i2c_init
 .text.i2c_get_state_info
                0x000000000000041e        0x6 ./USI_I2C_Master.o
                0x000000000000041e                i2c_get_state_info
 .text.USI_I2C_Master_Transfer
                0x0000000000000424       0x32 ./USI_I2C_Master.o
                0x0000000000000424                USI_I2C_Master_Transfer
 .text.i2c_stop
                0x0000000000000456       0x2c ./USI_I2C_Master.o
                0x0000000000000456                i2c_stop
 .text.i2c_write
                0x0000000000000482       0x1c ./USI_I2C_Master.o
                0x0000000000000482                i2c_write
 .text.i2c_start
                0x000000000000049e       0x44 ./USI_I2C_Master.o
                0x000000000000049e                i2c_start
 .text.i2c_start_wait
                0x00000000000004e2       0x22 ./USI_I2C_Master.o
                0x00000000000004e2                i2c_start_wait
 .text.i2c_read
                0x0000000000000504       0x2c ./USI_I2C_Master.o
                0x0000000000000504                i2c_read
 .text.libgcc.mul
                0x0000000000000530       0x22 /usr/local/Cellar/avr-gcc/7.3.0/lib/avr-gcc/7/gcc/avr/7.3.0/avr25/libgcc.a(_mulhi3.o)
                0x0000000000000530                __mulhi3
 .text.libgcc.div
                0x0000000000000552        0x0 /usr/local/Cellar/avr-gcc/7.3.0/lib/avr-gcc/7/gcc/avr/7.3.0/avr25/libgcc.a(_mulhi3.o)
 .text.libgcc   0x0000000000000552        0x0 /usr/local/Cellar/avr-gcc/7.3.0/lib/avr-gcc/7/gcc/avr/7.3.0/avr25/libgcc.a(_mulhi3.o)
 .text.libgcc.prologue
                0x0000000000000552        0x0 /usr/local/Cellar/avr-gcc/7.3.0/lib/avr-gcc/7/gcc/avr/7.3.0/avr25/libgcc.a(_mulhi3.o)
 .text.libgcc.builtins
                0x0000000000000552        0x0 /usr/local/Cellar/avr-gcc/7.3.0/lib/avr-gcc/7/gcc/avr/7.3.0/avr25/libgcc.a(_mulhi3.o)
 .text.libgcc.fmul
                0x0000000000000552        0x0 /usr/local/Cellar/avr-gcc/7.3.0/lib/avr-gcc/7/gcc/avr/7.3.0/avr25/libgcc.a(_mulhi3.o)
 .text.libgcc.fixed
                0x0000000000000552        0x0 /usr/local/Cellar/avr-gcc/7.3.0/lib/avr-gcc/7/gcc/avr/7.3.0/avr25/libgcc.a(_mulhi3.o)
 .text.libgcc.mul
                0x0000000000000552        0x0 /usr/local/Cellar/avr-gcc/7.3.0/lib/avr-gcc/7/gcc/avr/7.3.0/avr25/libgcc.a(_exit.o)
 .text.libgcc.div
                0x0000000000000552        0x0 /usr/local/Cellar/avr-gcc/7.3.0/lib/avr-gcc/7/gcc/avr/7.3.0/avr25/libgcc.a(_exit.o)
 .text.libgcc   0x0000000000000552        0x0 /usr/local/Cellar/avr-gcc/7.3.0/lib/avr-gcc/7/gcc/avr/7.3.0/avr25/libgcc.a(_exit.o)
 .text.libgcc.prologue
                0x0000000000000552        0x0 /usr/local/Cellar/avr-gcc/7.3.0/lib/avr-gcc/7/gcc/avr/7.3.0/avr25/libgcc.a(_exit.o)
 .text.libgcc.builtins
                0x0000000000000552        0x0 /usr/local/Cellar/avr-gcc/7.3.0/lib/avr-gcc/7/gcc/avr/7.3.0/avr25/libgcc.a(_exit.o)
 .text.libgcc.fmul
                0x0000000000000552        0x0 /usr/local/Cellar/avr-gcc/7.3.0/lib/avr-gcc/7/gcc/avr/7.3.0/avr25/libgcc.a(_exit.o)
 .text.libgcc.fixed
                0x0000000000000552        0x0 /usr/local/Cellar/avr-gcc/7.3.0/lib/avr-gcc/7/gcc/avr/7.3.0/avr25/libgcc.a(_exit.o)
 .text.libgcc.mul
                0x0000000000000552        0x0 /usr/local/Cellar/avr-gcc/7.3.0/lib/avr-gcc/7/gcc/avr/7.3.0/avr25/libgcc.a(_copy_data.o)
 .text.libgcc.div
                0x0000000000000552        0x0 /usr/local/Cellar/avr-gcc/7.3.0/lib/avr-gcc/7/gcc/avr/7.3.0/avr25/libgcc.a(_copy_data.o)
 .text.libgcc   0x0000000000000552        0x0 /usr/local/Cellar/avr-gcc/7.3.0/lib/avr-gcc/7/gcc/avr/7.3.0/avr25/libgcc.a(_copy_data.o)
 .text.libgcc.prologue
                0x0000000000000552        0x0 /usr/local/Cellar/avr-gcc/7.3.0/lib/avr-gcc/7/gcc/avr/7.3.0/avr25/libgcc.a(_copy_data.o)
 .text.libgcc.builtins
                0x0000000000000552        0x0 /usr/local/Cellar/avr-gcc/7.3.0/lib/avr-gcc/7/gcc/avr/7.3.0/avr25/libgcc.a(_copy_data.o)
 .text.libgcc.fmul
                0x0000000000000552        0x0 /usr/local/Cellar/avr-gcc/7.3.0/lib/avr-gcc/7/gcc/avr/7.3.0/avr25/libgcc.a(_copy_data.o)
 .text.libgcc.fixed
                0x0000000000000552        0x0 /usr/local/Cellar/avr-gcc/7.3.0/lib/avr-gcc/7/gcc/avr/7.3.0/avr25/libgcc.a(_copy_data.o)
 .text.libgcc.mul
                0x0000000000000552        0x0 /usr/local/Cellar/avr-gcc/7.3.0/lib/avr-gcc/7/gcc/avr/7.3.0/avr25/libgcc.a(_clear_bss.o)
 .text.libgcc.div
                0x0000000000000552        0x0 /usr/local/Cellar/avr-gcc/7.3.0/lib/avr-gcc/7/gcc/avr/7.3.0/avr25/libgcc.a(_clear_bss.o)
 .text.libgcc   0x0000000000000552        0x0 /usr/local/Cellar/avr-gcc/7.3.0/lib/avr-gcc/7/gcc/avr/7.3.0/avr25/libgcc.a(_clear_bss.o)
 .text.libgcc.prologue
                0x0000000000000552        0x0 /usr/local/Cellar/avr-gcc/7.3.0/lib/avr-gcc/7/gcc/avr/7.3.0/avr25/libgcc.a(_clear_bss.o)
 .text.libgcc.builtins
                0x0000000000000552        0x0 /usr/local/Cellar/avr-gcc/7.3.0/lib/avr-gcc/7/gcc/avr/7.3.0/avr25/libgcc.a(_clear_bss.o)
 .text.libgcc.fmul
                0x0000000000000552        0x0 /usr/local/Cellar/avr-gcc/7.3.0/lib/avr-gcc/7/gcc/avr/7.3.0/avr25/libgcc.a(_clear_bss.o)
 .text.libgcc.fixed
                0x0000000000000552        0x0 /usr/local/Cellar/avr-gcc/7.3.0/lib/avr-gcc/7/gcc/avr/7.3.0/avr25/libgcc.a(_clear_bss.o)
 .text.avr-libc
                0x0000000000000552       0x40 /usr/local/Cellar/avr-gcc/7.3.0/lib/avr-gcc/7/gcc/avr/7.3.0/../../../../../../avr/lib/avr25/libc.a(sprintf.o)
                0x0000000000000552                sprintf
 .text.avr-libc
                0x0000000000000592      0x396 /usr/local/Cellar/avr-gcc/7.3.0/lib/avr-gcc/7/gcc/avr/7.3.0/../../../../../../avr/lib/avr25/libc.a(vfprintf_std.o)
                0x0000000000000592                vfprintf
 .text.avr-libc
                0x0000000000000928       0x16 /usr/local/Cellar/avr-gcc/7.3.0/lib/avr-gcc/7/gcc/avr/7.3.0/../../../../../../avr/lib/avr25/libc.a(strnlen_P.o)
                0x0000000000000928                strnlen_P
 .text.avr-libc
                0x000000000000093e       0x16 /usr/local/Cellar/avr-gcc/7.3.0/lib/avr-gcc/7/gcc/avr/7.3.0/../../../../../../avr/lib/avr25/libc.a(strnlen.o)
                0x000000000000093e                strnlen
 .text.avr-libc
                0x0000000000000954       0x60 /usr/local/Cellar/avr-gcc/7.3.0/lib/avr-gcc/7/gcc/avr/7.3.0/../../../../../../avr/lib/avr25/libc.a(fputc.o)
                0x0000000000000954                fputc
 .text.avr-libc
                0x00000000000009b4       0xc0 /usr/local/Cellar/avr-gcc/7.3.0/lib/avr-gcc/7/gcc/avr/7.3.0/../../../../../../avr/lib/avr25/libc.a(ultoa_invert.o)
                0x00000000000009b4                __ultoa_invert
 .text.libgcc.mul
                0x0000000000000a74       0x12 /usr/local/Cellar/avr-gcc/7.3.0/lib/avr-gcc/7/gcc/avr/7.3.0/avr25/libgcc.a(_mulqi3.o)
                0x0000000000000a74                __mulqi3
 .text.libgcc.div
                0x0000000000000a86        0x0 /usr/local/Cellar/avr-gcc/7.3.0/lib/avr-gcc/7/gcc/avr/7.3.0/avr25/libgcc.a(_mulqi3.o)
 .text.libgcc   0x0000000000000a86        0x0 /usr/local/Cellar/avr-gcc/7.3.0/lib/avr-gcc/7/gcc/avr/7.3.0/avr25/libgcc.a(_mulqi3.o)
 .text.libgcc.prologue
                0x0000000000000a86        0x0 /usr/local/Cellar/avr-gcc/7.3.0/lib/avr-gcc/7/gcc/avr/7.3.0/avr25/libgcc.a(_mulqi3.o)
 .text.libgcc.builtins
                0x0000000000000a86        0x0 /usr/local/Cellar/avr-gcc/7.3.0/lib/avr-gcc/7/gcc/avr/7.3.0/avr25/libgcc.a(_mulqi3.o)
 .text.libgcc.fmul
                0x0000000000000a86        0x0 /usr/local/Cellar/avr-gcc/7.3.0/lib/avr-gcc/7/gcc/avr/7.3.0/avr25/libgcc.a(_mulqi3.o)
 .text.libgcc.fixed
                0x0000000000000a86        0x0 /usr/local/Cellar/avr-gcc/7.3.0/lib/avr-gcc/7/gcc/avr/7.3.0/avr25/libgcc.a(_mulqi3.o)
 .text.libgcc.mul
                0x0000000000000a86        0x0 /usr/local/Cellar/avr-gcc/7.3.0/lib/avr-gcc/7/gcc/avr/7.3.0/avr25/libgcc.a(_prologue.o)
 .text.libgcc.div
                0x0000000000000a86        0x0 /usr/local/Cellar/avr-gcc/7.3.0/lib/avr-gcc/7/gcc/avr/7.3.0/avr25/libgcc.a(_prologue.o)
 .text.libgcc   0x0000000000000a86        0x0 /usr/local/Cellar/avr-gcc/7.3.0/lib/avr-gcc/7/gcc/avr/7.3.0/avr25/libgcc.a(_prologue.o)
 .text.libgcc.prologue
                0x0000000000000a86       0x38 /usr/local/Cellar/avr-gcc/7.3.0/lib/avr-gcc/7/gcc/avr/7.3.0/avr25/libgcc.a(_prologue.o)
                0x0000000000000a86                __prologue_saves__
 .text.libgcc.builtins
                0x0000000000000abe        0x0 /usr/local/Cellar/avr-gcc/7.3.0/lib/avr-gcc/7/gcc/avr/7.3.0/avr25/libgcc.a(_prologue.o)
 .text.libgcc.fmul
                0x0000000000000abe        0x0 /usr/local/Cellar/avr-gcc/7.3.0/lib/avr-gcc/7/gcc/avr/7.3.0/avr25/libgcc.a(_prologue.o)
 .text.libgcc.fixed
                0x0000000000000abe        0x0 /usr/local/Cellar/avr-gcc/7.3.0/lib/avr-gcc/7/gcc/avr/7.3.0/avr25/libgcc.a(_prologue.o)
 .text.libgcc.mul
                0x0000000000000abe        0x0 /usr/local/Cellar/avr-gcc/7.3.0/lib/avr-gcc/7/gcc/avr/7.3.0/avr25/libgcc.a(_epilogue.o)
 .text.libgcc.div
                0x0000000000000abe        0x0 /usr/local/Cellar/avr-gcc/7.3.0/lib/avr-gcc/7/gcc/avr/7.3.0/avr25/libgcc.a(_epilogue.o)
 .text.libgcc   0x0000000000000abe        0x0 /usr/local/Cellar/avr-gcc/7.3.0/lib/avr-gcc/7/gcc/avr/7.3.0/avr25/libgcc.a(_epilogue.o)
 .text.libgcc.prologue
                0x0000000000000abe       0x36 /usr/local/Cellar/avr-gcc/7.3.0/lib/avr-gcc/7/gcc/avr/7.3.0/avr25/libgcc.a(_epilogue.o)
                0x0000000000000abe                __epilogue_restores__
 .text.libgcc.builtins
                0x0000000000000af4        0x0 /usr/local/Cellar/avr-gcc/7.3.0/lib/avr-gcc/7/gcc/avr/7.3.0/avr25/libgcc.a(_epilogue.o)
 .text.libgcc.fmul
                0x0000000000000af4        0x0 /usr/local/Cellar/avr-gcc/7.3.0/lib/avr-gcc/7/gcc/avr/7.3.0/avr25/libgcc.a(_epilogue.o)
 .text.libgcc.fixed
                0x0000000000000af4        0x0 /usr/local/Cellar/avr-gcc/7.3.0/lib/avr-gcc/7/gcc/avr/7.3.0/avr25/libgcc.a(_epilogue.o)
                0x0000000000000af4                . = ALIGN (0x2)
 *(.fini9)
 .fini9         0x0000000000000af4        0x0 /usr/local/Cellar/avr-gcc/7.3.0/lib/avr-gcc/7/gcc/avr/7.3.0/avr25/libgcc.a(_exit.o)
                0x0000000000000af4                exit
                0x0000000000000af4                _exit
 *(.fini9)
 *(.fini8)
 *(.fini8)
 *(.fini7)
 *(.fini7)
 *(.fini6)
 *(.fini6)
 *(.fini5)
 *(.fini5)
 *(.fini4)
 *(.fini4)
 *(.fini3)
 *(.fini3)
 *(.fini2)
 *(.fini2)
 *(.fini1)
 *(.fini1)
 *(.fini0)
 .fini0         0x0000000000000af4        0x4 /usr/local/Cellar/avr-gcc/7.3.0/lib/avr-gcc/7/gcc/avr/7.3.0/avr25/libgcc.a(_exit.o)
 *(.fini0)
 *(.hightext)
 *(.hightext*)
 *(.progmemx.*)
                0x0000000000000af8                . = ALIGN (0x2)
 *(.jumptables)
 *(.jumptables*)
                0x0000000000000af8                _etext = .

.data           0x0000000000800060       0x2a load address 0x0000000000000af8
                0x0000000000800060                PROVIDE (__data_start = .)
 *(.data)
 .data          0x0000000000800060        0x0 /usr/local/Cellar/avr-gcc/7.3.0/lib/avr-gcc/7/gcc/avr/7.3.0/../../../../../../avr/lib/avr25/crtattiny85.o
 .data          0x0000000000800060        0x0 ./Buffalo.o
 .data          0x0000000000800060        0x0 ./I2C_CharDisplay.o
 .data          0x0000000000800060        0x0 ./USI_I2C_Master.o
 .data          0x0000000000800060        0x0 /usr/local/Cellar/avr-gcc/7.3.0/lib/avr-gcc/7/gcc/avr/7.3.0/avr25/libgcc.a(_mulhi3.o)
 .data          0x0000000000800060        0x0 /usr/local/Cellar/avr-gcc/7.3.0/lib/avr-gcc/7/gcc/avr/7.3.0/avr25/libgcc.a(_exit.o)
 .data          0x0000000000800060        0x0 /usr/local/Cellar/avr-gcc/7.3.0/lib/avr-gcc/7/gcc/avr/7.3.0/avr25/libgcc.a(_copy_data.o)
 .data          0x0000000000800060        0x0 /usr/local/Cellar/avr-gcc/7.3.0/lib/avr-gcc/7/gcc/avr/7.3.0/avr25/libgcc.a(_clear_bss.o)
 .data          0x0000000000800060        0x0 /usr/local/Cellar/avr-gcc/7.3.0/lib/avr-gcc/7/gcc/avr/7.3.0/../../../../../../avr/lib/avr25/libc.a(sprintf.o)
 .data          0x0000000000800060        0x0 /usr/local/Cellar/avr-gcc/7.3.0/lib/avr-gcc/7/gcc/avr/7.3.0/../../../../../../avr/lib/avr25/libc.a(vfprintf_std.o)
 .data          0x0000000000800060        0x0 /usr/local/Cellar/avr-gcc/7.3.0/lib/avr-gcc/7/gcc/avr/7.3.0/../../../../../../avr/lib/avr25/libc.a(strnlen_P.o)
 .data          0x0000000000800060        0x0 /usr/local/Cellar/avr-gcc/7.3.0/lib/avr-gcc/7/gcc/avr/7.3.0/../../../../../../avr/lib/avr25/libc.a(strnlen.o)
 .data          0x0000000000800060        0x0 /usr/local/Cellar/avr-gcc/7.3.0/lib/avr-gcc/7/gcc/avr/7.3.0/../../../../../../avr/lib/avr25/libc.a(fputc.o)
 .data          0x0000000000800060        0x0 /usr/local/Cellar/avr-gcc/7.3.0/lib/avr-gcc/7/gcc/avr/7.3.0/../../../../../../avr/lib/avr25/libc.a(ultoa_invert.o)
 .data          0x0000000000800060        0x0 /usr/local/Cellar/avr-gcc/7.3.0/lib/avr-gcc/7/gcc/avr/7.3.0/avr25/libgcc.a(_mulqi3.o)
 .data          0x0000000000800060        0x0 /usr/local/Cellar/avr-gcc/7.3.0/lib/avr-gcc/7/gcc/avr/7.3.0/avr25/libgcc.a(_prologue.o)
 .data          0x0000000000800060        0x0 /usr/local/Cellar/avr-gcc/7.3.0/lib/avr-gcc/7/gcc/avr/7.3.0/avr25/libgcc.a(_epilogue.o)
 *(.data*)
 *(.gnu.linkonce.d*)
 *(.rodata)
 *(.rodata*)
 .rodata.setVolume.str1.1
                0x0000000000800060       0x14 ./Buffalo.o
 .rodata.main.str1.1
                0x0000000000800074       0x15 ./Buffalo.o
 *(.gnu.linkonce.r*)
                0x000000000080008a                . = ALIGN (0x2)
 *fill*         0x0000000000800089        0x1 
                0x000000000080008a                _edata = .
                0x000000000080008a                PROVIDE (__data_end = .)

.bss            0x000000000080008a        0x4
                0x000000000080008a                PROVIDE (__bss_start = .)
 *(.bss)
 .bss           0x000000000080008a        0x0 /usr/local/Cellar/avr-gcc/7.3.0/lib/avr-gcc/7/gcc/avr/7.3.0/../../../../../../avr/lib/avr25/crtattiny85.o
 .bss           0x000000000080008a        0x0 ./Buffalo.o
 .bss           0x000000000080008a        0x0 ./I2C_CharDisplay.o
 .bss           0x000000000080008a        0x0 ./USI_I2C_Master.o
 .bss           0x000000000080008a        0x0 /usr/local/Cellar/avr-gcc/7.3.0/lib/avr-gcc/7/gcc/avr/7.3.0/avr25/libgcc.a(_mulhi3.o)
 .bss           0x000000000080008a        0x0 /usr/local/Cellar/avr-gcc/7.3.0/lib/avr-gcc/7/gcc/avr/7.3.0/avr25/libgcc.a(_exit.o)
 .bss           0x000000000080008a        0x0 /usr/local/Cellar/avr-gcc/7.3.0/lib/avr-gcc/7/gcc/avr/7.3.0/avr25/libgcc.a(_copy_data.o)
 .bss           0x000000000080008a        0x0 /usr/local/Cellar/avr-gcc/7.3.0/lib/avr-gcc/7/gcc/avr/7.3.0/avr25/libgcc.a(_clear_bss.o)
 .bss           0x000000000080008a        0x0 /usr/local/Cellar/avr-gcc/7.3.0/lib/avr-gcc/7/gcc/avr/7.3.0/../../../../../../avr/lib/avr25/libc.a(sprintf.o)
 .bss           0x000000000080008a        0x0 /usr/local/Cellar/avr-gcc/7.3.0/lib/avr-gcc/7/gcc/avr/7.3.0/../../../../../../avr/lib/avr25/libc.a(vfprintf_std.o)
 .bss           0x000000000080008a        0x0 /usr/local/Cellar/avr-gcc/7.3.0/lib/avr-gcc/7/gcc/avr/7.3.0/../../../../../../avr/lib/avr25/libc.a(strnlen_P.o)
 .bss           0x000000000080008a        0x0 /usr/local/Cellar/avr-gcc/7.3.0/lib/avr-gcc/7/gcc/avr/7.3.0/../../../../../../avr/lib/avr25/libc.a(strnlen.o)
 .bss           0x000000000080008a        0x0 /usr/local/Cellar/avr-gcc/7.3.0/lib/avr-gcc/7/gcc/avr/7.3.0/../../../../../../avr/lib/avr25/libc.a(fputc.o)
 .bss           0x000000000080008a        0x0 /usr/local/Cellar/avr-gcc/7.3.0/lib/avr-gcc/7/gcc/avr/7.3.0/../../../../../../avr/lib/avr25/libc.a(ultoa_invert.o)
 .bss           0x000000000080008a        0x0 /usr/local/Cellar/avr-gcc/7.3.0/lib/avr-gcc/7/gcc/avr/7.3.0/avr25/libgcc.a(_mulqi3.o)
 .bss           0x000000000080008a        0x0 /usr/local/Cellar/avr-gcc/7.3.0/lib/avr-gcc/7/gcc/avr/7.3.0/avr25/libgcc.a(_prologue.o)
 .bss           0x000000000080008a        0x0 /usr/local/Cellar/avr-gcc/7.3.0/lib/avr-gcc/7/gcc/avr/7.3.0/avr25/libgcc.a(_epilogue.o)
 *(.bss*)
 *(COMMON)
 COMMON         0x000000000080008a        0x3 ./Buffalo.o
                0x000000000080008a                sw1
                0x000000000080008b                lastVol
                0x000000000080008c                sw2
 COMMON         0x000000000080008d        0x1 ./USI_I2C_Master.o
                0x000000000080008d                USI_I2C_state
                0x000000000080008e                PROVIDE (__bss_end = .)
                0x0000000000000af8                __data_load_start = LOADADDR (.data)
                0x0000000000000b22                __data_load_end = (__data_load_start + SIZEOF (.data))

.noinit         0x000000000080008e        0x0
                [!provide]                        PROVIDE (__noinit_start = .)
 *(.noinit*)
                [!provide]                        PROVIDE (__noinit_end = .)
                0x000000000080008e                _end = .
                [!provide]                        PROVIDE (__heap_start = .)

.eeprom         0x0000000000810000        0x0
 *(.eeprom*)
                0x0000000000810000                __eeprom_end = .

.fuse
 *(.fuse)
 *(.lfuse)
 *(.hfuse)
 *(.efuse)

.lock
 *(.lock*)

.signature
 *(.signature*)

.stab
 *(.stab)

.stabstr
 *(.stabstr)

.stab.excl
 *(.stab.excl)

.stab.exclstr
 *(.stab.exclstr)

.stab.index
 *(.stab.index)

.stab.indexstr
 *(.stab.indexstr)

.comment        0x0000000000000000       0x11
 *(.comment)
 .comment       0x0000000000000000       0x11 ./Buffalo.o
                                         0x12 (size before relaxing)
 .comment       0x0000000000000011       0x12 ./I2C_CharDisplay.o
 .comment       0x0000000000000011       0x12 ./USI_I2C_Master.o
 .comment       0x0000000000000011       0x12 /usr/local/Cellar/avr-gcc/7.3.0/lib/avr-gcc/7/gcc/avr/7.3.0/../../../../../../avr/lib/avr25/libc.a(sprintf.o)
 .comment       0x0000000000000011       0x12 /usr/local/Cellar/avr-gcc/7.3.0/lib/avr-gcc/7/gcc/avr/7.3.0/../../../../../../avr/lib/avr25/libc.a(vfprintf_std.o)
 .comment       0x0000000000000011       0x12 /usr/local/Cellar/avr-gcc/7.3.0/lib/avr-gcc/7/gcc/avr/7.3.0/../../../../../../avr/lib/avr25/libc.a(fputc.o)

.note.gnu.avr.deviceinfo
                0x0000000000000000       0x3c
 .note.gnu.avr.deviceinfo
                0x0000000000000000       0x3c /usr/local/Cellar/avr-gcc/7.3.0/lib/avr-gcc/7/gcc/avr/7.3.0/../../../../../../avr/lib/avr25/crtattiny85.o

.note.gnu.build-id
 *(.note.gnu.build-id)

.debug
 *(.debug)

.line
 *(.line)

.debug_srcinfo
 *(.debug_srcinfo)

.debug_sfnames
 *(.debug_sfnames)

.debug_aranges  0x0000000000000000       0xe0
 *(.debug_aranges)
 .debug_aranges
                0x0000000000000000       0x20 /usr/local/Cellar/avr-gcc/7.3.0/lib/avr-gcc/7/gcc/avr/7.3.0/avr25/libgcc.a(_mulhi3.o)
 .debug_aranges
                0x0000000000000020       0x20 /usr/local/Cellar/avr-gcc/7.3.0/lib/avr-gcc/7/gcc/avr/7.3.0/avr25/libgcc.a(_exit.o)
 .debug_aranges
                0x0000000000000040       0x20 /usr/local/Cellar/avr-gcc/7.3.0/lib/avr-gcc/7/gcc/avr/7.3.0/avr25/libgcc.a(_copy_data.o)
 .debug_aranges
                0x0000000000000060       0x20 /usr/local/Cellar/avr-gcc/7.3.0/lib/avr-gcc/7/gcc/avr/7.3.0/avr25/libgcc.a(_clear_bss.o)
 .debug_aranges
                0x0000000000000080       0x20 /usr/local/Cellar/avr-gcc/7.3.0/lib/avr-gcc/7/gcc/avr/7.3.0/avr25/libgcc.a(_mulqi3.o)
 .debug_aranges
                0x00000000000000a0       0x20 /usr/local/Cellar/avr-gcc/7.3.0/lib/avr-gcc/7/gcc/avr/7.3.0/avr25/libgcc.a(_prologue.o)
 .debug_aranges
                0x00000000000000c0       0x20 /usr/local/Cellar/avr-gcc/7.3.0/lib/avr-gcc/7/gcc/avr/7.3.0/avr25/libgcc.a(_epilogue.o)

.debug_pubnames
 *(.debug_pubnames)

.debug_info     0x0000000000000000      0x52a
 *(.debug_info .gnu.linkonce.wi.*)
 .debug_info    0x0000000000000000      0x420 /usr/local/Cellar/avr-gcc/7.3.0/lib/avr-gcc/7/gcc/avr/7.3.0/../../../../../../avr/lib/avr25/crtattiny85.o
 .debug_info    0x0000000000000420       0x26 /usr/local/Cellar/avr-gcc/7.3.0/lib/avr-gcc/7/gcc/avr/7.3.0/avr25/libgcc.a(_mulhi3.o)
 .debug_info    0x0000000000000446       0x26 /usr/local/Cellar/avr-gcc/7.3.0/lib/avr-gcc/7/gcc/avr/7.3.0/avr25/libgcc.a(_exit.o)
 .debug_info    0x000000000000046c       0x26 /usr/local/Cellar/avr-gcc/7.3.0/lib/avr-gcc/7/gcc/avr/7.3.0/avr25/libgcc.a(_copy_data.o)
 .debug_info    0x0000000000000492       0x26 /usr/local/Cellar/avr-gcc/7.3.0/lib/avr-gcc/7/gcc/avr/7.3.0/avr25/libgcc.a(_clear_bss.o)
 .debug_info    0x00000000000004b8       0x26 /usr/local/Cellar/avr-gcc/7.3.0/lib/avr-gcc/7/gcc/avr/7.3.0/avr25/libgcc.a(_mulqi3.o)
 .debug_info    0x00000000000004de       0x26 /usr/local/Cellar/avr-gcc/7.3.0/lib/avr-gcc/7/gcc/avr/7.3.0/avr25/libgcc.a(_prologue.o)
 .debug_info    0x0000000000000504       0x26 /usr/local/Cellar/avr-gcc/7.3.0/lib/avr-gcc/7/gcc/avr/7.3.0/avr25/libgcc.a(_epilogue.o)

.debug_abbrev   0x0000000000000000      0x474
 *(.debug_abbrev)
 .debug_abbrev  0x0000000000000000      0x3e8 /usr/local/Cellar/avr-gcc/7.3.0/lib/avr-gcc/7/gcc/avr/7.3.0/../../../../../../avr/lib/avr25/crtattiny85.o
 .debug_abbrev  0x00000000000003e8       0x14 /usr/local/Cellar/avr-gcc/7.3.0/lib/avr-gcc/7/gcc/avr/7.3.0/avr25/libgcc.a(_mulhi3.o)
 .debug_abbrev  0x00000000000003fc       0x14 /usr/local/Cellar/avr-gcc/7.3.0/lib/avr-gcc/7/gcc/avr/7.3.0/avr25/libgcc.a(_exit.o)
 .debug_abbrev  0x0000000000000410       0x14 /usr/local/Cellar/avr-gcc/7.3.0/lib/avr-gcc/7/gcc/avr/7.3.0/avr25/libgcc.a(_copy_data.o)
 .debug_abbrev  0x0000000000000424       0x14 /usr/local/Cellar/avr-gcc/7.3.0/lib/avr-gcc/7/gcc/avr/7.3.0/avr25/libgcc.a(_clear_bss.o)
 .debug_abbrev  0x0000000000000438       0x14 /usr/local/Cellar/avr-gcc/7.3.0/lib/avr-gcc/7/gcc/avr/7.3.0/avr25/libgcc.a(_mulqi3.o)
 .debug_abbrev  0x000000000000044c       0x14 /usr/local/Cellar/avr-gcc/7.3.0/lib/avr-gcc/7/gcc/avr/7.3.0/avr25/libgcc.a(_prologue.o)
 .debug_abbrev  0x0000000000000460       0x14 /usr/local/Cellar/avr-gcc/7.3.0/lib/avr-gcc/7/gcc/avr/7.3.0/avr25/libgcc.a(_epilogue.o)

.debug_line     0x0000000000000000      0x4d4
 *(.debug_line .debug_line.* .debug_line_end)
 .debug_line    0x0000000000000000       0x1d /usr/local/Cellar/avr-gcc/7.3.0/lib/avr-gcc/7/gcc/avr/7.3.0/../../../../../../avr/lib/avr25/crtattiny85.o
 .debug_line    0x000000000000001d       0xbb /usr/local/Cellar/avr-gcc/7.3.0/lib/avr-gcc/7/gcc/avr/7.3.0/avr25/libgcc.a(_mulhi3.o)
 .debug_line    0x00000000000000d8       0x61 /usr/local/Cellar/avr-gcc/7.3.0/lib/avr-gcc/7/gcc/avr/7.3.0/avr25/libgcc.a(_exit.o)
 .debug_line    0x0000000000000139       0x97 /usr/local/Cellar/avr-gcc/7.3.0/lib/avr-gcc/7/gcc/avr/7.3.0/avr25/libgcc.a(_copy_data.o)
 .debug_line    0x00000000000001d0       0x85 /usr/local/Cellar/avr-gcc/7.3.0/lib/avr-gcc/7/gcc/avr/7.3.0/avr25/libgcc.a(_clear_bss.o)
 .debug_line    0x0000000000000255       0x8b /usr/local/Cellar/avr-gcc/7.3.0/lib/avr-gcc/7/gcc/avr/7.3.0/avr25/libgcc.a(_mulqi3.o)
 .debug_line    0x00000000000002e0       0xfd /usr/local/Cellar/avr-gcc/7.3.0/lib/avr-gcc/7/gcc/avr/7.3.0/avr25/libgcc.a(_prologue.o)
 .debug_line    0x00000000000003dd       0xf7 /usr/local/Cellar/avr-gcc/7.3.0/lib/avr-gcc/7/gcc/avr/7.3.0/avr25/libgcc.a(_epilogue.o)

.debug_frame
 *(.debug_frame)

.debug_str      0x0000000000000000      0x1eb
 *(.debug_str)
 .debug_str     0x0000000000000000      0x169 /usr/local/Cellar/avr-gcc/7.3.0/lib/avr-gcc/7/gcc/avr/7.3.0/../../../../../../avr/lib/avr25/crtattiny85.o
 .debug_str     0x0000000000000169       0x82 /usr/local/Cellar/avr-gcc/7.3.0/lib/avr-gcc/7/gcc/avr/7.3.0/avr25/libgcc.a(_mulhi3.o)
 .debug_str     0x00000000000001eb       0x82 /usr/local/Cellar/avr-gcc/7.3.0/lib/avr-gcc/7/gcc/avr/7.3.0/avr25/libgcc.a(_exit.o)
 .debug_str     0x00000000000001eb       0x82 /usr/local/Cellar/avr-gcc/7.3.0/lib/avr-gcc/7/gcc/avr/7.3.0/avr25/libgcc.a(_copy_data.o)
 .debug_str     0x00000000000001eb       0x82 /usr/local/Cellar/avr-gcc/7.3.0/lib/avr-gcc/7/gcc/avr/7.3.0/avr25/libgcc.a(_clear_bss.o)
 .debug_str     0x00000000000001eb       0x82 /usr/local/Cellar/avr-gcc/7.3.0/lib/avr-gcc/7/gcc/avr/7.3.0/avr25/libgcc.a(_mulqi3.o)
 .debug_str     0x00000000000001eb       0x82 /usr/local/Cellar/avr-gcc/7.3.0/lib/avr-gcc/7/gcc/avr/7.3.0/avr25/libgcc.a(_prologue.o)
 .debug_str     0x00000000000001eb       0x82 /usr/local/Cellar/avr-gcc/7.3.0/lib/avr-gcc/7/gcc/avr/7.3.0/avr25/libgcc.a(_epilogue.o)

.debug_loc
 *(.debug_loc)

.debug_macinfo
 *(.debug_macinfo)

.debug_weaknames
 *(.debug_weaknames)

.debug_funcnames
 *(.debug_funcnames)

.debug_typenames
 *(.debug_typenames)

.debug_varnames
 *(.debug_varnames)

.debug_pubtypes
 *(.debug_pubtypes)

.debug_ranges
 *(.debug_ranges)

.debug_macro
 *(.debug_macro)

.debug_addr
 *(.debug_addr)
OUTPUT(B3SEPro-OnBoard-Firmware.elf elf32-avr)
LOAD linker stubs
