Archive member included to satisfy reference by file (symbol)

/usr/local/Cellar/avr-gcc/7.3.0/lib/avr-gcc/7/gcc/avr/7.3.0/avr25/libgcc.a(_exit.o)
                              /usr/local/Cellar/avr-gcc/7.3.0/lib/avr-gcc/7/gcc/avr/7.3.0/../../../../../../avr/lib/avr25/crtattiny85.o (exit)
/usr/local/Cellar/avr-gcc/7.3.0/lib/avr-gcc/7/gcc/avr/7.3.0/avr25/libgcc.a(_clear_bss.o)
                              ./Buffalo.o (__do_clear_bss)
/usr/local/Cellar/avr-gcc/7.3.0/lib/avr-gcc/7/gcc/avr/7.3.0/../../../../../../avr/lib/avr25/libc.a(qsort.o)
                              ./Buffalo.o (qsort)
/usr/local/Cellar/avr-gcc/7.3.0/lib/avr-gcc/7/gcc/avr/7.3.0/avr25/libgcc.a(_mulhi3.o)
                              /usr/local/Cellar/avr-gcc/7.3.0/lib/avr-gcc/7/gcc/avr/7.3.0/../../../../../../avr/lib/avr25/libc.a(qsort.o) (__mulhi3)
/usr/local/Cellar/avr-gcc/7.3.0/lib/avr-gcc/7/gcc/avr/7.3.0/avr25/libgcc.a(_udivmodhi4.o)
                              /usr/local/Cellar/avr-gcc/7.3.0/lib/avr-gcc/7/gcc/avr/7.3.0/../../../../../../avr/lib/avr25/libc.a(qsort.o) (__udivmodhi4)
/usr/local/Cellar/avr-gcc/7.3.0/lib/avr-gcc/7/gcc/avr/7.3.0/avr25/libgcc.a(_prologue.o)
                              /usr/local/Cellar/avr-gcc/7.3.0/lib/avr-gcc/7/gcc/avr/7.3.0/../../../../../../avr/lib/avr25/libc.a(qsort.o) (__prologue_saves__)
/usr/local/Cellar/avr-gcc/7.3.0/lib/avr-gcc/7/gcc/avr/7.3.0/avr25/libgcc.a(_epilogue.o)
                              /usr/local/Cellar/avr-gcc/7.3.0/lib/avr-gcc/7/gcc/avr/7.3.0/../../../../../../avr/lib/avr25/libc.a(qsort.o) (__epilogue_restores__)

Allocating common symbols
Common symbol       size              file

USI_I2C_state       0x1               ./USI_I2C_Master.o
volumeResults       0x8               ./Buffalo.o
sw1                 0x1               ./Buffalo.o
lastVol             0x1               ./Buffalo.o
sw2                 0x1               ./Buffalo.o

Memory Configuration

Name             Origin             Length             Attributes
text             0x0000000000000000 0x0000000000002000 xr
data             0x0000000000800060 0x000000000000ffa0 rw !x
eeprom           0x0000000000810000 0x0000000000010000 rw !x
fuse             0x0000000000820000 0x0000000000000400 rw !x
lock             0x0000000000830000 0x0000000000000400 rw !x
signature        0x0000000000840000 0x0000000000000400 rw !x
user_signatures  0x0000000000850000 0x0000000000000400 rw !x
*default*        0x0000000000000000 0xffffffffffffffff

Linker script and memory map

LOAD /usr/local/Cellar/avr-gcc/7.3.0/lib/avr-gcc/7/gcc/avr/7.3.0/../../../../../../avr/lib/avr25/crtattiny85.o
LOAD ./Buffalo.o
LOAD ./USI_I2C_Master.o
START GROUP
LOAD /usr/local/Cellar/avr-gcc/7.3.0/lib/avr-gcc/7/gcc/avr/7.3.0/avr25/libgcc.a
LOAD /usr/local/Cellar/avr-gcc/7.3.0/lib/avr-gcc/7/gcc/avr/7.3.0/../../../../../../avr/lib/avr25/libm.a
LOAD /usr/local/Cellar/avr-gcc/7.3.0/lib/avr-gcc/7/gcc/avr/7.3.0/../../../../../../avr/lib/avr25/libc.a
LOAD /usr/local/Cellar/avr-gcc/7.3.0/lib/avr-gcc/7/gcc/avr/7.3.0/../../../../../../avr/lib/avr25/libattiny85.a
END GROUP
                0x0000000000002000                __TEXT_REGION_LENGTH__ = DEFINED (__TEXT_REGION_LENGTH__)?__TEXT_REGION_LENGTH__:0x2000
                0x000000000000ffa0                __DATA_REGION_LENGTH__ = DEFINED (__DATA_REGION_LENGTH__)?__DATA_REGION_LENGTH__:0xffa0
                0x0000000000010000                __EEPROM_REGION_LENGTH__ = DEFINED (__EEPROM_REGION_LENGTH__)?__EEPROM_REGION_LENGTH__:0x10000
                0x0000000000000400                __FUSE_REGION_LENGTH__ = DEFINED (__FUSE_REGION_LENGTH__)?__FUSE_REGION_LENGTH__:0x400
                0x0000000000000400                __LOCK_REGION_LENGTH__ = DEFINED (__LOCK_REGION_LENGTH__)?__LOCK_REGION_LENGTH__:0x400
                0x0000000000000400                __SIGNATURE_REGION_LENGTH__ = DEFINED (__SIGNATURE_REGION_LENGTH__)?__SIGNATURE_REGION_LENGTH__:0x400
                0x0000000000000400                __USER_SIGNATURE_REGION_LENGTH__ = DEFINED (__USER_SIGNATURE_REGION_LENGTH__)?__USER_SIGNATURE_REGION_LENGTH__:0x400

.hash
 *(.hash)

.dynsym
 *(.dynsym)

.dynstr
 *(.dynstr)

.gnu.version
 *(.gnu.version)

.gnu.version_d
 *(.gnu.version_d)

.gnu.version_r
 *(.gnu.version_r)

.rel.init
 *(.rel.init)

.rela.init
 *(.rela.init)

.rel.text
 *(.rel.text)
 *(.rel.text.*)
 *(.rel.gnu.linkonce.t*)

.rela.text
 *(.rela.text)
 *(.rela.text.*)
 *(.rela.gnu.linkonce.t*)

.rel.fini
 *(.rel.fini)

.rela.fini
 *(.rela.fini)

.rel.rodata
 *(.rel.rodata)
 *(.rel.rodata.*)
 *(.rel.gnu.linkonce.r*)

.rela.rodata
 *(.rela.rodata)
 *(.rela.rodata.*)
 *(.rela.gnu.linkonce.r*)

.rel.data
 *(.rel.data)
 *(.rel.data.*)
 *(.rel.gnu.linkonce.d*)

.rela.data
 *(.rela.data)
 *(.rela.data.*)
 *(.rela.gnu.linkonce.d*)

.rel.ctors
 *(.rel.ctors)

.rela.ctors
 *(.rela.ctors)

.rel.dtors
 *(.rel.dtors)

.rela.dtors
 *(.rela.dtors)

.rel.got
 *(.rel.got)

.rela.got
 *(.rela.got)

.rel.bss
 *(.rel.bss)

.rela.bss
 *(.rela.bss)

.rel.plt
 *(.rel.plt)

.rela.plt
 *(.rela.plt)

.text           0x0000000000000000      0x81a
 *(.vectors)
 .vectors       0x0000000000000000       0x1e /usr/local/Cellar/avr-gcc/7.3.0/lib/avr-gcc/7/gcc/avr/7.3.0/../../../../../../avr/lib/avr25/crtattiny85.o
                0x0000000000000000                __vectors
                0x0000000000000000                __vector_default
 *(.vectors)
 *(.progmem.gcc*)
                0x000000000000001e                . = ALIGN (0x2)
                0x000000000000001e                __trampolines_start = .
 *(.trampolines)
 .trampolines   0x000000000000001e        0x0 linker stubs
 *(.trampolines*)
                0x000000000000001e                __trampolines_end = .
 *libprintf_flt.a:*(.progmem.data)
 *libc.a:*(.progmem.data)
 *(.progmem.*)
                0x000000000000001e                . = ALIGN (0x2)
 *(.lowtext)
 *(.lowtext*)
                0x000000000000001e                __ctors_start = .
 *(.ctors)
                0x000000000000001e                __ctors_end = .
                0x000000000000001e                __dtors_start = .
 *(.dtors)
                0x000000000000001e                __dtors_end = .
 SORT_BY_NAME(*)(.ctors)
 SORT_BY_NAME(*)(.dtors)
 *(.init0)
 .init0         0x000000000000001e        0x0 /usr/local/Cellar/avr-gcc/7.3.0/lib/avr-gcc/7/gcc/avr/7.3.0/../../../../../../avr/lib/avr25/crtattiny85.o
                0x000000000000001e                __init
 *(.init0)
 *(.init1)
 *(.init1)
 *(.init2)
 .init2         0x000000000000001e        0xc /usr/local/Cellar/avr-gcc/7.3.0/lib/avr-gcc/7/gcc/avr/7.3.0/../../../../../../avr/lib/avr25/crtattiny85.o
 *(.init2)
 *(.init3)
 *(.init3)
 *(.init4)
 .init4         0x000000000000002a       0x10 /usr/local/Cellar/avr-gcc/7.3.0/lib/avr-gcc/7/gcc/avr/7.3.0/avr25/libgcc.a(_clear_bss.o)
                0x000000000000002a                __do_clear_bss
 *(.init4)
 *(.init5)
 *(.init5)
 *(.init6)
 *(.init6)
 *(.init7)
 *(.init7)
 *(.init8)
 *(.init8)
 *(.init9)
 .init9         0x000000000000003a        0x4 /usr/local/Cellar/avr-gcc/7.3.0/lib/avr-gcc/7/gcc/avr/7.3.0/../../../../../../avr/lib/avr25/crtattiny85.o
 *(.init9)
 *(.text)
 .text          0x000000000000003e        0x2 /usr/local/Cellar/avr-gcc/7.3.0/lib/avr-gcc/7/gcc/avr/7.3.0/../../../../../../avr/lib/avr25/crtattiny85.o
                0x000000000000003e                __vector_10
                0x000000000000003e                __vector_12
                0x000000000000003e                __bad_interrupt
                0x000000000000003e                __vector_6
                0x000000000000003e                __vector_3
                0x000000000000003e                __vector_11
                0x000000000000003e                __vector_13
                0x000000000000003e                __vector_7
                0x000000000000003e                __vector_5
                0x000000000000003e                __vector_4
                0x000000000000003e                __vector_9
                0x000000000000003e                __vector_2
                0x000000000000003e                __vector_8
                0x000000000000003e                __vector_14
                0x000000000000003e                __vector_1
 .text          0x0000000000000040        0x0 ./Buffalo.o
 .text          0x0000000000000040        0x0 ./USI_I2C_Master.o
 .text          0x0000000000000040        0x0 /usr/local/Cellar/avr-gcc/7.3.0/lib/avr-gcc/7/gcc/avr/7.3.0/avr25/libgcc.a(_exit.o)
 .text          0x0000000000000040        0x0 /usr/local/Cellar/avr-gcc/7.3.0/lib/avr-gcc/7/gcc/avr/7.3.0/avr25/libgcc.a(_clear_bss.o)
 .text          0x0000000000000040        0x0 /usr/local/Cellar/avr-gcc/7.3.0/lib/avr-gcc/7/gcc/avr/7.3.0/../../../../../../avr/lib/avr25/libc.a(qsort.o)
 .text          0x0000000000000040        0x0 /usr/local/Cellar/avr-gcc/7.3.0/lib/avr-gcc/7/gcc/avr/7.3.0/avr25/libgcc.a(_mulhi3.o)
 .text          0x0000000000000040        0x0 /usr/local/Cellar/avr-gcc/7.3.0/lib/avr-gcc/7/gcc/avr/7.3.0/avr25/libgcc.a(_udivmodhi4.o)
 .text          0x0000000000000040        0x0 /usr/local/Cellar/avr-gcc/7.3.0/lib/avr-gcc/7/gcc/avr/7.3.0/avr25/libgcc.a(_prologue.o)
 .text          0x0000000000000040        0x0 /usr/local/Cellar/avr-gcc/7.3.0/lib/avr-gcc/7/gcc/avr/7.3.0/avr25/libgcc.a(_epilogue.o)
                0x0000000000000040                . = ALIGN (0x2)
 *(.text.*)
 .text.cmp_chars
                0x0000000000000040        0xe ./Buffalo.o
                0x0000000000000040                cmp_chars
 .text.i2cSendByte
                0x000000000000004e       0x24 ./Buffalo.o
                0x000000000000004e                i2cSendByte
 .text.send     0x0000000000000072       0x1c ./Buffalo.o
                0x0000000000000072                send
 .text.i2cReceiveByte
                0x000000000000008e       0x3a ./Buffalo.o
                0x000000000000008e                i2cReceiveByte
 .text.setVolume
                0x00000000000000c8       0x22 ./Buffalo.o
                0x00000000000000c8                setVolume
 .text.getVolume
                0x00000000000000ea       0x34 ./Buffalo.o
                0x00000000000000ea                getVolume
 .text.configureDAC
                0x000000000000011e      0x108 ./Buffalo.o
                0x000000000000011e                configureDAC
 .text.readSwitchStates
                0x0000000000000226       0x30 ./Buffalo.o
                0x0000000000000226                readSwitchStates
 .text.initialize
                0x0000000000000256       0x60 ./Buffalo.o
                0x0000000000000256                initialize
 .text.startup.main
                0x00000000000002b6       0x3a ./Buffalo.o
                0x00000000000002b6                main
 .text.i2c_init
                0x00000000000002f0       0x16 ./USI_I2C_Master.o
                0x00000000000002f0                i2c_init
 .text.i2c_get_state_info
                0x0000000000000306        0x6 ./USI_I2C_Master.o
                0x0000000000000306                i2c_get_state_info
 .text.USI_I2C_Master_Transfer
                0x000000000000030c       0x30 ./USI_I2C_Master.o
                0x000000000000030c                USI_I2C_Master_Transfer
 .text.i2c_stop
                0x000000000000033c       0x2a ./USI_I2C_Master.o
                0x000000000000033c                i2c_stop
 .text.i2c_write
                0x0000000000000366       0x1c ./USI_I2C_Master.o
                0x0000000000000366                i2c_write
 .text.i2c_start
                0x0000000000000382       0x40 ./USI_I2C_Master.o
                0x0000000000000382                i2c_start
 .text.i2c_start_wait
                0x00000000000003c2       0x22 ./USI_I2C_Master.o
                0x00000000000003c2                i2c_start_wait
 .text.i2c_read
                0x00000000000003e4       0x2c ./USI_I2C_Master.o
                0x00000000000003e4                i2c_read
 .text.libgcc.mul
                0x0000000000000410        0x0 /usr/local/Cellar/avr-gcc/7.3.0/lib/avr-gcc/7/gcc/avr/7.3.0/avr25/libgcc.a(_exit.o)
 .text.libgcc.div
                0x0000000000000410        0x0 /usr/local/Cellar/avr-gcc/7.3.0/lib/avr-gcc/7/gcc/avr/7.3.0/avr25/libgcc.a(_exit.o)
 .text.libgcc   0x0000000000000410        0x0 /usr/local/Cellar/avr-gcc/7.3.0/lib/avr-gcc/7/gcc/avr/7.3.0/avr25/libgcc.a(_exit.o)
 .text.libgcc.prologue
                0x0000000000000410        0x0 /usr/local/Cellar/avr-gcc/7.3.0/lib/avr-gcc/7/gcc/avr/7.3.0/avr25/libgcc.a(_exit.o)
 .text.libgcc.builtins
                0x0000000000000410        0x0 /usr/local/Cellar/avr-gcc/7.3.0/lib/avr-gcc/7/gcc/avr/7.3.0/avr25/libgcc.a(_exit.o)
 .text.libgcc.fmul
                0x0000000000000410        0x0 /usr/local/Cellar/avr-gcc/7.3.0/lib/avr-gcc/7/gcc/avr/7.3.0/avr25/libgcc.a(_exit.o)
 .text.libgcc.fixed
                0x0000000000000410        0x0 /usr/local/Cellar/avr-gcc/7.3.0/lib/avr-gcc/7/gcc/avr/7.3.0/avr25/libgcc.a(_exit.o)
 .text.libgcc.mul
                0x0000000000000410        0x0 /usr/local/Cellar/avr-gcc/7.3.0/lib/avr-gcc/7/gcc/avr/7.3.0/avr25/libgcc.a(_clear_bss.o)
 .text.libgcc.div
                0x0000000000000410        0x0 /usr/local/Cellar/avr-gcc/7.3.0/lib/avr-gcc/7/gcc/avr/7.3.0/avr25/libgcc.a(_clear_bss.o)
 .text.libgcc   0x0000000000000410        0x0 /usr/local/Cellar/avr-gcc/7.3.0/lib/avr-gcc/7/gcc/avr/7.3.0/avr25/libgcc.a(_clear_bss.o)
 .text.libgcc.prologue
                0x0000000000000410        0x0 /usr/local/Cellar/avr-gcc/7.3.0/lib/avr-gcc/7/gcc/avr/7.3.0/avr25/libgcc.a(_clear_bss.o)
 .text.libgcc.builtins
                0x0000000000000410        0x0 /usr/local/Cellar/avr-gcc/7.3.0/lib/avr-gcc/7/gcc/avr/7.3.0/avr25/libgcc.a(_clear_bss.o)
 .text.libgcc.fmul
                0x0000000000000410        0x0 /usr/local/Cellar/avr-gcc/7.3.0/lib/avr-gcc/7/gcc/avr/7.3.0/avr25/libgcc.a(_clear_bss.o)
 .text.libgcc.fixed
                0x0000000000000410        0x0 /usr/local/Cellar/avr-gcc/7.3.0/lib/avr-gcc/7/gcc/avr/7.3.0/avr25/libgcc.a(_clear_bss.o)
 .text.avr-libc
                0x0000000000000410      0x34e /usr/local/Cellar/avr-gcc/7.3.0/lib/avr-gcc/7/gcc/avr/7.3.0/../../../../../../avr/lib/avr25/libc.a(qsort.o)
                0x000000000000049e                qsort
 .text.libgcc.mul
                0x000000000000075e       0x22 /usr/local/Cellar/avr-gcc/7.3.0/lib/avr-gcc/7/gcc/avr/7.3.0/avr25/libgcc.a(_mulhi3.o)
                0x000000000000075e                __mulhi3
 .text.libgcc.div
                0x0000000000000780        0x0 /usr/local/Cellar/avr-gcc/7.3.0/lib/avr-gcc/7/gcc/avr/7.3.0/avr25/libgcc.a(_mulhi3.o)
 .text.libgcc   0x0000000000000780        0x0 /usr/local/Cellar/avr-gcc/7.3.0/lib/avr-gcc/7/gcc/avr/7.3.0/avr25/libgcc.a(_mulhi3.o)
 .text.libgcc.prologue
                0x0000000000000780        0x0 /usr/local/Cellar/avr-gcc/7.3.0/lib/avr-gcc/7/gcc/avr/7.3.0/avr25/libgcc.a(_mulhi3.o)
 .text.libgcc.builtins
                0x0000000000000780        0x0 /usr/local/Cellar/avr-gcc/7.3.0/lib/avr-gcc/7/gcc/avr/7.3.0/avr25/libgcc.a(_mulhi3.o)
 .text.libgcc.fmul
                0x0000000000000780        0x0 /usr/local/Cellar/avr-gcc/7.3.0/lib/avr-gcc/7/gcc/avr/7.3.0/avr25/libgcc.a(_mulhi3.o)
 .text.libgcc.fixed
                0x0000000000000780        0x0 /usr/local/Cellar/avr-gcc/7.3.0/lib/avr-gcc/7/gcc/avr/7.3.0/avr25/libgcc.a(_mulhi3.o)
 .text.libgcc.mul
                0x0000000000000780        0x0 /usr/local/Cellar/avr-gcc/7.3.0/lib/avr-gcc/7/gcc/avr/7.3.0/avr25/libgcc.a(_udivmodhi4.o)
 .text.libgcc.div
                0x0000000000000780       0x28 /usr/local/Cellar/avr-gcc/7.3.0/lib/avr-gcc/7/gcc/avr/7.3.0/avr25/libgcc.a(_udivmodhi4.o)
                0x0000000000000780                __udivmodhi4
 .text.libgcc   0x00000000000007a8        0x0 /usr/local/Cellar/avr-gcc/7.3.0/lib/avr-gcc/7/gcc/avr/7.3.0/avr25/libgcc.a(_udivmodhi4.o)
 .text.libgcc.prologue
                0x00000000000007a8        0x0 /usr/local/Cellar/avr-gcc/7.3.0/lib/avr-gcc/7/gcc/avr/7.3.0/avr25/libgcc.a(_udivmodhi4.o)
 .text.libgcc.builtins
                0x00000000000007a8        0x0 /usr/local/Cellar/avr-gcc/7.3.0/lib/avr-gcc/7/gcc/avr/7.3.0/avr25/libgcc.a(_udivmodhi4.o)
 .text.libgcc.fmul
                0x00000000000007a8        0x0 /usr/local/Cellar/avr-gcc/7.3.0/lib/avr-gcc/7/gcc/avr/7.3.0/avr25/libgcc.a(_udivmodhi4.o)
 .text.libgcc.fixed
                0x00000000000007a8        0x0 /usr/local/Cellar/avr-gcc/7.3.0/lib/avr-gcc/7/gcc/avr/7.3.0/avr25/libgcc.a(_udivmodhi4.o)
 .text.libgcc.mul
                0x00000000000007a8        0x0 /usr/local/Cellar/avr-gcc/7.3.0/lib/avr-gcc/7/gcc/avr/7.3.0/avr25/libgcc.a(_prologue.o)
 .text.libgcc.div
                0x00000000000007a8        0x0 /usr/local/Cellar/avr-gcc/7.3.0/lib/avr-gcc/7/gcc/avr/7.3.0/avr25/libgcc.a(_prologue.o)
 .text.libgcc   0x00000000000007a8        0x0 /usr/local/Cellar/avr-gcc/7.3.0/lib/avr-gcc/7/gcc/avr/7.3.0/avr25/libgcc.a(_prologue.o)
 .text.libgcc.prologue
                0x00000000000007a8       0x38 /usr/local/Cellar/avr-gcc/7.3.0/lib/avr-gcc/7/gcc/avr/7.3.0/avr25/libgcc.a(_prologue.o)
                0x00000000000007a8                __prologue_saves__
 .text.libgcc.builtins
                0x00000000000007e0        0x0 /usr/local/Cellar/avr-gcc/7.3.0/lib/avr-gcc/7/gcc/avr/7.3.0/avr25/libgcc.a(_prologue.o)
 .text.libgcc.fmul
                0x00000000000007e0        0x0 /usr/local/Cellar/avr-gcc/7.3.0/lib/avr-gcc/7/gcc/avr/7.3.0/avr25/libgcc.a(_prologue.o)
 .text.libgcc.fixed
                0x00000000000007e0        0x0 /usr/local/Cellar/avr-gcc/7.3.0/lib/avr-gcc/7/gcc/avr/7.3.0/avr25/libgcc.a(_prologue.o)
 .text.libgcc.mul
                0x00000000000007e0        0x0 /usr/local/Cellar/avr-gcc/7.3.0/lib/avr-gcc/7/gcc/avr/7.3.0/avr25/libgcc.a(_epilogue.o)
 .text.libgcc.div
                0x00000000000007e0        0x0 /usr/local/Cellar/avr-gcc/7.3.0/lib/avr-gcc/7/gcc/avr/7.3.0/avr25/libgcc.a(_epilogue.o)
 .text.libgcc   0x00000000000007e0        0x0 /usr/local/Cellar/avr-gcc/7.3.0/lib/avr-gcc/7/gcc/avr/7.3.0/avr25/libgcc.a(_epilogue.o)
 .text.libgcc.prologue
                0x00000000000007e0       0x36 /usr/local/Cellar/avr-gcc/7.3.0/lib/avr-gcc/7/gcc/avr/7.3.0/avr25/libgcc.a(_epilogue.o)
                0x00000000000007e0                __epilogue_restores__
 .text.libgcc.builtins
                0x0000000000000816        0x0 /usr/local/Cellar/avr-gcc/7.3.0/lib/avr-gcc/7/gcc/avr/7.3.0/avr25/libgcc.a(_epilogue.o)
 .text.libgcc.fmul
                0x0000000000000816        0x0 /usr/local/Cellar/avr-gcc/7.3.0/lib/avr-gcc/7/gcc/avr/7.3.0/avr25/libgcc.a(_epilogue.o)
 .text.libgcc.fixed
                0x0000000000000816        0x0 /usr/local/Cellar/avr-gcc/7.3.0/lib/avr-gcc/7/gcc/avr/7.3.0/avr25/libgcc.a(_epilogue.o)
                0x0000000000000816                . = ALIGN (0x2)
 *(.fini9)
 .fini9         0x0000000000000816        0x0 /usr/local/Cellar/avr-gcc/7.3.0/lib/avr-gcc/7/gcc/avr/7.3.0/avr25/libgcc.a(_exit.o)
                0x0000000000000816                exit
                0x0000000000000816                _exit
 *(.fini9)
 *(.fini8)
 *(.fini8)
 *(.fini7)
 *(.fini7)
 *(.fini6)
 *(.fini6)
 *(.fini5)
 *(.fini5)
 *(.fini4)
 *(.fini4)
 *(.fini3)
 *(.fini3)
 *(.fini2)
 *(.fini2)
 *(.fini1)
 *(.fini1)
 *(.fini0)
 .fini0         0x0000000000000816        0x4 /usr/local/Cellar/avr-gcc/7.3.0/lib/avr-gcc/7/gcc/avr/7.3.0/avr25/libgcc.a(_exit.o)
 *(.fini0)
 *(.hightext)
 *(.hightext*)
 *(.progmemx.*)
                0x000000000000081a                . = ALIGN (0x2)
 *(.jumptables)
 *(.jumptables*)
                0x000000000000081a                _etext = .

.data           0x0000000000800060        0x0 load address 0x000000000000081a
                [!provide]                        PROVIDE (__data_start = .)
 *(.data)
 .data          0x0000000000800060        0x0 /usr/local/Cellar/avr-gcc/7.3.0/lib/avr-gcc/7/gcc/avr/7.3.0/../../../../../../avr/lib/avr25/crtattiny85.o
 .data          0x0000000000800060        0x0 ./Buffalo.o
 .data          0x0000000000800060        0x0 ./USI_I2C_Master.o
 .data          0x0000000000800060        0x0 /usr/local/Cellar/avr-gcc/7.3.0/lib/avr-gcc/7/gcc/avr/7.3.0/avr25/libgcc.a(_exit.o)
 .data          0x0000000000800060        0x0 /usr/local/Cellar/avr-gcc/7.3.0/lib/avr-gcc/7/gcc/avr/7.3.0/avr25/libgcc.a(_clear_bss.o)
 .data          0x0000000000800060        0x0 /usr/local/Cellar/avr-gcc/7.3.0/lib/avr-gcc/7/gcc/avr/7.3.0/../../../../../../avr/lib/avr25/libc.a(qsort.o)
 .data          0x0000000000800060        0x0 /usr/local/Cellar/avr-gcc/7.3.0/lib/avr-gcc/7/gcc/avr/7.3.0/avr25/libgcc.a(_mulhi3.o)
 .data          0x0000000000800060        0x0 /usr/local/Cellar/avr-gcc/7.3.0/lib/avr-gcc/7/gcc/avr/7.3.0/avr25/libgcc.a(_udivmodhi4.o)
 .data          0x0000000000800060        0x0 /usr/local/Cellar/avr-gcc/7.3.0/lib/avr-gcc/7/gcc/avr/7.3.0/avr25/libgcc.a(_prologue.o)
 .data          0x0000000000800060        0x0 /usr/local/Cellar/avr-gcc/7.3.0/lib/avr-gcc/7/gcc/avr/7.3.0/avr25/libgcc.a(_epilogue.o)
 *(.data*)
 *(.gnu.linkonce.d*)
 *(.rodata)
 *(.rodata*)
 *(.gnu.linkonce.r*)
                0x0000000000800060                . = ALIGN (0x2)
                0x0000000000800060                _edata = .
                [!provide]                        PROVIDE (__data_end = .)

.bss            0x0000000000800060        0xc
                0x0000000000800060                PROVIDE (__bss_start = .)
 *(.bss)
 .bss           0x0000000000800060        0x0 /usr/local/Cellar/avr-gcc/7.3.0/lib/avr-gcc/7/gcc/avr/7.3.0/../../../../../../avr/lib/avr25/crtattiny85.o
 .bss           0x0000000000800060        0x0 ./Buffalo.o
 .bss           0x0000000000800060        0x0 ./USI_I2C_Master.o
 .bss           0x0000000000800060        0x0 /usr/local/Cellar/avr-gcc/7.3.0/lib/avr-gcc/7/gcc/avr/7.3.0/avr25/libgcc.a(_exit.o)
 .bss           0x0000000000800060        0x0 /usr/local/Cellar/avr-gcc/7.3.0/lib/avr-gcc/7/gcc/avr/7.3.0/avr25/libgcc.a(_clear_bss.o)
 .bss           0x0000000000800060        0x0 /usr/local/Cellar/avr-gcc/7.3.0/lib/avr-gcc/7/gcc/avr/7.3.0/../../../../../../avr/lib/avr25/libc.a(qsort.o)
 .bss           0x0000000000800060        0x0 /usr/local/Cellar/avr-gcc/7.3.0/lib/avr-gcc/7/gcc/avr/7.3.0/avr25/libgcc.a(_mulhi3.o)
 .bss           0x0000000000800060        0x0 /usr/local/Cellar/avr-gcc/7.3.0/lib/avr-gcc/7/gcc/avr/7.3.0/avr25/libgcc.a(_udivmodhi4.o)
 .bss           0x0000000000800060        0x0 /usr/local/Cellar/avr-gcc/7.3.0/lib/avr-gcc/7/gcc/avr/7.3.0/avr25/libgcc.a(_prologue.o)
 .bss           0x0000000000800060        0x0 /usr/local/Cellar/avr-gcc/7.3.0/lib/avr-gcc/7/gcc/avr/7.3.0/avr25/libgcc.a(_epilogue.o)
 *(.bss*)
 *(COMMON)
 COMMON         0x0000000000800060        0xb ./Buffalo.o
                0x0000000000800060                volumeResults
                0x0000000000800068                sw1
                0x0000000000800069                lastVol
                0x000000000080006a                sw2
 COMMON         0x000000000080006b        0x1 ./USI_I2C_Master.o
                0x000000000080006b                USI_I2C_state
                0x000000000080006c                PROVIDE (__bss_end = .)
                0x000000000000081a                __data_load_start = LOADADDR (.data)
                0x000000000000081a                __data_load_end = (__data_load_start + SIZEOF (.data))

.noinit         0x000000000080006c        0x0
                [!provide]                        PROVIDE (__noinit_start = .)
 *(.noinit*)
                [!provide]                        PROVIDE (__noinit_end = .)
                0x000000000080006c                _end = .
                [!provide]                        PROVIDE (__heap_start = .)

.eeprom         0x0000000000810000        0x0
 *(.eeprom*)
                0x0000000000810000                __eeprom_end = .

.fuse
 *(.fuse)
 *(.lfuse)
 *(.hfuse)
 *(.efuse)

.lock
 *(.lock*)

.signature
 *(.signature*)

.stab
 *(.stab)

.stabstr
 *(.stabstr)

.stab.excl
 *(.stab.excl)

.stab.exclstr
 *(.stab.exclstr)

.stab.index
 *(.stab.index)

.stab.indexstr
 *(.stab.indexstr)

.comment        0x0000000000000000       0x11
 *(.comment)
 .comment       0x0000000000000000       0x11 ./Buffalo.o
                                         0x12 (size before relaxing)
 .comment       0x0000000000000011       0x12 ./USI_I2C_Master.o
 .comment       0x0000000000000011       0x12 /usr/local/Cellar/avr-gcc/7.3.0/lib/avr-gcc/7/gcc/avr/7.3.0/../../../../../../avr/lib/avr25/libc.a(qsort.o)

.note.gnu.avr.deviceinfo
                0x0000000000000000       0x3c
 .note.gnu.avr.deviceinfo
                0x0000000000000000       0x3c /usr/local/Cellar/avr-gcc/7.3.0/lib/avr-gcc/7/gcc/avr/7.3.0/../../../../../../avr/lib/avr25/crtattiny85.o

.note.gnu.build-id
 *(.note.gnu.build-id)

.debug
 *(.debug)

.line
 *(.line)

.debug_srcinfo
 *(.debug_srcinfo)

.debug_sfnames
 *(.debug_sfnames)

.debug_aranges  0x0000000000000000       0xc0
 *(.debug_aranges)
 .debug_aranges
                0x0000000000000000       0x20 /usr/local/Cellar/avr-gcc/7.3.0/lib/avr-gcc/7/gcc/avr/7.3.0/avr25/libgcc.a(_exit.o)
 .debug_aranges
                0x0000000000000020       0x20 /usr/local/Cellar/avr-gcc/7.3.0/lib/avr-gcc/7/gcc/avr/7.3.0/avr25/libgcc.a(_clear_bss.o)
 .debug_aranges
                0x0000000000000040       0x20 /usr/local/Cellar/avr-gcc/7.3.0/lib/avr-gcc/7/gcc/avr/7.3.0/avr25/libgcc.a(_mulhi3.o)
 .debug_aranges
                0x0000000000000060       0x20 /usr/local/Cellar/avr-gcc/7.3.0/lib/avr-gcc/7/gcc/avr/7.3.0/avr25/libgcc.a(_udivmodhi4.o)
 .debug_aranges
                0x0000000000000080       0x20 /usr/local/Cellar/avr-gcc/7.3.0/lib/avr-gcc/7/gcc/avr/7.3.0/avr25/libgcc.a(_prologue.o)
 .debug_aranges
                0x00000000000000a0       0x20 /usr/local/Cellar/avr-gcc/7.3.0/lib/avr-gcc/7/gcc/avr/7.3.0/avr25/libgcc.a(_epilogue.o)

.debug_pubnames
 *(.debug_pubnames)

.debug_info     0x0000000000000000      0x504
 *(.debug_info .gnu.linkonce.wi.*)
 .debug_info    0x0000000000000000      0x420 /usr/local/Cellar/avr-gcc/7.3.0/lib/avr-gcc/7/gcc/avr/7.3.0/../../../../../../avr/lib/avr25/crtattiny85.o
 .debug_info    0x0000000000000420       0x26 /usr/local/Cellar/avr-gcc/7.3.0/lib/avr-gcc/7/gcc/avr/7.3.0/avr25/libgcc.a(_exit.o)
 .debug_info    0x0000000000000446       0x26 /usr/local/Cellar/avr-gcc/7.3.0/lib/avr-gcc/7/gcc/avr/7.3.0/avr25/libgcc.a(_clear_bss.o)
 .debug_info    0x000000000000046c       0x26 /usr/local/Cellar/avr-gcc/7.3.0/lib/avr-gcc/7/gcc/avr/7.3.0/avr25/libgcc.a(_mulhi3.o)
 .debug_info    0x0000000000000492       0x26 /usr/local/Cellar/avr-gcc/7.3.0/lib/avr-gcc/7/gcc/avr/7.3.0/avr25/libgcc.a(_udivmodhi4.o)
 .debug_info    0x00000000000004b8       0x26 /usr/local/Cellar/avr-gcc/7.3.0/lib/avr-gcc/7/gcc/avr/7.3.0/avr25/libgcc.a(_prologue.o)
 .debug_info    0x00000000000004de       0x26 /usr/local/Cellar/avr-gcc/7.3.0/lib/avr-gcc/7/gcc/avr/7.3.0/avr25/libgcc.a(_epilogue.o)

.debug_abbrev   0x0000000000000000      0x460
 *(.debug_abbrev)
 .debug_abbrev  0x0000000000000000      0x3e8 /usr/local/Cellar/avr-gcc/7.3.0/lib/avr-gcc/7/gcc/avr/7.3.0/../../../../../../avr/lib/avr25/crtattiny85.o
 .debug_abbrev  0x00000000000003e8       0x14 /usr/local/Cellar/avr-gcc/7.3.0/lib/avr-gcc/7/gcc/avr/7.3.0/avr25/libgcc.a(_exit.o)
 .debug_abbrev  0x00000000000003fc       0x14 /usr/local/Cellar/avr-gcc/7.3.0/lib/avr-gcc/7/gcc/avr/7.3.0/avr25/libgcc.a(_clear_bss.o)
 .debug_abbrev  0x0000000000000410       0x14 /usr/local/Cellar/avr-gcc/7.3.0/lib/avr-gcc/7/gcc/avr/7.3.0/avr25/libgcc.a(_mulhi3.o)
 .debug_abbrev  0x0000000000000424       0x14 /usr/local/Cellar/avr-gcc/7.3.0/lib/avr-gcc/7/gcc/avr/7.3.0/avr25/libgcc.a(_udivmodhi4.o)
 .debug_abbrev  0x0000000000000438       0x14 /usr/local/Cellar/avr-gcc/7.3.0/lib/avr-gcc/7/gcc/avr/7.3.0/avr25/libgcc.a(_prologue.o)
 .debug_abbrev  0x000000000000044c       0x14 /usr/local/Cellar/avr-gcc/7.3.0/lib/avr-gcc/7/gcc/avr/7.3.0/avr25/libgcc.a(_epilogue.o)

.debug_line     0x0000000000000000      0x47f
 *(.debug_line .debug_line.* .debug_line_end)
 .debug_line    0x0000000000000000       0x1d /usr/local/Cellar/avr-gcc/7.3.0/lib/avr-gcc/7/gcc/avr/7.3.0/../../../../../../avr/lib/avr25/crtattiny85.o
 .debug_line    0x000000000000001d       0x61 /usr/local/Cellar/avr-gcc/7.3.0/lib/avr-gcc/7/gcc/avr/7.3.0/avr25/libgcc.a(_exit.o)
 .debug_line    0x000000000000007e       0x85 /usr/local/Cellar/avr-gcc/7.3.0/lib/avr-gcc/7/gcc/avr/7.3.0/avr25/libgcc.a(_clear_bss.o)
 .debug_line    0x0000000000000103       0xbb /usr/local/Cellar/avr-gcc/7.3.0/lib/avr-gcc/7/gcc/avr/7.3.0/avr25/libgcc.a(_mulhi3.o)
 .debug_line    0x00000000000001be       0xcd /usr/local/Cellar/avr-gcc/7.3.0/lib/avr-gcc/7/gcc/avr/7.3.0/avr25/libgcc.a(_udivmodhi4.o)
 .debug_line    0x000000000000028b       0xfd /usr/local/Cellar/avr-gcc/7.3.0/lib/avr-gcc/7/gcc/avr/7.3.0/avr25/libgcc.a(_prologue.o)
 .debug_line    0x0000000000000388       0xf7 /usr/local/Cellar/avr-gcc/7.3.0/lib/avr-gcc/7/gcc/avr/7.3.0/avr25/libgcc.a(_epilogue.o)

.debug_frame
 *(.debug_frame)

.debug_str      0x0000000000000000      0x1eb
 *(.debug_str)
 .debug_str     0x0000000000000000      0x169 /usr/local/Cellar/avr-gcc/7.3.0/lib/avr-gcc/7/gcc/avr/7.3.0/../../../../../../avr/lib/avr25/crtattiny85.o
 .debug_str     0x0000000000000169       0x82 /usr/local/Cellar/avr-gcc/7.3.0/lib/avr-gcc/7/gcc/avr/7.3.0/avr25/libgcc.a(_exit.o)
 .debug_str     0x00000000000001eb       0x82 /usr/local/Cellar/avr-gcc/7.3.0/lib/avr-gcc/7/gcc/avr/7.3.0/avr25/libgcc.a(_clear_bss.o)
 .debug_str     0x00000000000001eb       0x82 /usr/local/Cellar/avr-gcc/7.3.0/lib/avr-gcc/7/gcc/avr/7.3.0/avr25/libgcc.a(_mulhi3.o)
 .debug_str     0x00000000000001eb       0x82 /usr/local/Cellar/avr-gcc/7.3.0/lib/avr-gcc/7/gcc/avr/7.3.0/avr25/libgcc.a(_udivmodhi4.o)
 .debug_str     0x00000000000001eb       0x82 /usr/local/Cellar/avr-gcc/7.3.0/lib/avr-gcc/7/gcc/avr/7.3.0/avr25/libgcc.a(_prologue.o)
 .debug_str     0x00000000000001eb       0x82 /usr/local/Cellar/avr-gcc/7.3.0/lib/avr-gcc/7/gcc/avr/7.3.0/avr25/libgcc.a(_epilogue.o)

.debug_loc
 *(.debug_loc)

.debug_macinfo
 *(.debug_macinfo)

.debug_weaknames
 *(.debug_weaknames)

.debug_funcnames
 *(.debug_funcnames)

.debug_typenames
 *(.debug_typenames)

.debug_varnames
 *(.debug_varnames)

.debug_pubtypes
 *(.debug_pubtypes)

.debug_ranges
 *(.debug_ranges)

.debug_macro
 *(.debug_macro)

.debug_addr
 *(.debug_addr)
OUTPUT(Buffalo-3-SE-Pro-OB.elf elf32-avr)
LOAD linker stubs
